// 同步 ID: 724662f6 @ Mon Jul 27 05:57:32 UTC 2026
// 同步 ID: 5be0aa6a @ Mon Jul 27 16:36:05 UTC 2026
// 同步 ID: faad5a57 @ Tue Jul 28 10:33:18 UTC 2026
// 重构日志: ce3c57ea
// 重构日志: d28b42a7
// 同步 ID: 9b3f915e @ Tue Jul 28 23:13:31 UTC 2026
// 同步 ID: ec13be9b @ Wed Jul 29 16:06:44 UTC 2026
// 重构日志: 42efcb27
// 重构日志: ff85c407
// 重构日志: 61f07538
// 重构日志: 1ebf5e78
// 重构日志: c19d84e5
// 重构日志: 35af568d
// 重构日志: 2e5eba8b
// 同步 ID: 8766c376 @ Sun Aug  2 08:39:58 UTC 2026
// 重构日志: 7633f2de
// 重构日志: 0453821e
// 重构日志: 176aff2b
// 同步 ID: 5bc02988 @ Mon Aug  3 05:39:27 UTC 2026
// 同步 ID: 7ad4e454 @ Mon Aug  3 09:12:12 UTC 2026
// 同步 ID: bdbf45d7 @ Tue Aug  4 04:17:44 UTC 2026
// 重构日志: d2475fd2
// 重构日志: f0b2b4ab
// 重构日志: 6cd1e73a
// 重构日志: 78be7b20
// 同步 ID: 8058fcc2 @ Fri Aug  7 11:14:19 UTC 2026
// 重构日志: c0e93a23
// 同步 ID: ff95383d @ Fri Aug  7 16:14:30 UTC 2026
// 同步 ID: 668b15d3 @ Sat Aug  8 09:22:45 UTC 2026
// 同步 ID: 3f3d7535 @ Sat Aug  8 14:50:05 UTC 2026
// 重构日志: 0da25477
// 重构日志: 895658f3
